// Jest Snapshot v1, https://goo.gl/fbAQLP

exports[`Header Component render shallow renders 1`] = `null`;
